kern  :notice: [32m[    0.000000] [0m[     T0] Linux version 6.6.4-arch1-1 (linux@archlinux) (gcc (GCC) 13.2.1 20230801, GNU ld (GNU Binutils) 2.41.0) #1 SMP PREEMPT_DYNAMIC Mon, 04 Dec 2023 00:29:19 +0000
kern  :info  : [32m[    0.000000] [0m[     T1] [33mCommand line: [0minitrd=\ucode.img initrd=\initramfs-linux.img rw cryptdevice=/dev/nvme0n1p3:system:discard root=/dev/mapper/system
kern  :info  : [32m[    0.000000] [0m[     T2] BIOS-provided physical RAM map:
kern  :info  : [32m[    0.000000] [0m[     T3] [33mBIOS-e820: [0m[mem 0x0000000000000000-0x000000000009efff] usable
kern  :info  : [32m[    0.000000] [0m[     T4] [33mBIOS-e820: [0m[mem 0x000000000009f000-0x00000000000bffff] reserved
kern  :info  : [32m[    0.000000] [0m[     T5] [33mBIOS-e820: [0m[mem 0x0000000000100000-0x0000000009afffff] usable
kern  :info  : [32m[    0.000000] [0m[     T6] [33mBIOS-e820: [0m[mem 0x0000000009b00000-0x0000000009dfffff] reserved
kern  :info  : [32m[    0.000000] [0m[     T7] [33mBIOS-e820: [0m[mem 0x0000000009e00000-0x0000000009efffff] usable
kern  :info  : [32m[    0.000000] [0m[     T8] [33mBIOS-e820: [0m[mem 0x0000000009f00000-0x0000000009f3bfff] ACPI NVS
kern  :info  : [32m[    0.000000] [0m[     T9] [33mBIOS-e820: [0m[mem 0x0000000009f3c000-0x000000004235ffff] usable
kern  :info  : [32m[    0.000000] [0m[    T10] [33mBIOS-e820: [0m[mem 0x0000000042360000-0x000000004455ffff] reserved
kern  :info  : [32m[    0.367657] [0m[    T11] [33mACPI: [0m\_SB_.PCI0.GP19.NHI1.PWRS: New power resource
kern  :info  : [32m[    0.368615] [0m[    T12] [33mACPI: [0m\_SB_.PCI0.GP19.XHC4.PWRS: New power resource
kern  :info  : [32m[    0.376316] [0m[    T13] [33mACPI: [0m\_SB_.PRWL: New power resource
kern  :info  : [32m[    0.376343] [0m[    T14] [33mACPI: [0m\_SB_.PRWB: New power resource
kern  :info  : [32m[    0.377373] [0m[    T15] [33mACPI: [0mPCI Root Bridge [PCI0] (domain 0000 [bus 00-ff])
kern  :info  : [32m[    0.377378] [0m[    T16] [33macpi PNP0A08:00: [0m_OSC: OS supports [ExtendedConfig ASPM ClockPM Segments MSI EDR HPX-Type3]
kern  :info  : [32m[    0.377569] [0m[    T17] [33macpi PNP0A08:00: [0m_OSC: platform does not support [SHPCHotplug AER]
kern  :info  : [32m[    0.377933] [0m[    T18] [33macpi PNP0A08:00: [0m_OSC: OS now controls [PCIeHotplug PME PCIeCapability LTR DPC]
kern  :info  : [32m[    0.378458] [0m[    T19] PCI host bridge to bus 0000:00
kern  :info  : [32m[    0.378459] [0m[    T20] [33mpci_bus 0000:00: [0mroot bus resource [io  0x0000-0x0cf7 window]
kern  :info  : [32m[    0.378461] [0m[    T21] [33mpci_bus 0000:00: [0mroot bus resource [io  0x0d00-0xffff window]
