kern  :notice: [    0.000000] [     T0] Linux version 6.6.4-arch1-1 (linux@archlinux) (gcc (GCC) 13.2.1 20230801, GNU ld (GNU Binutils) 2.41.0) #1 SMP PREEMPT_DYNAMIC Mon, 04 Dec 2023 00:29:19 +0000
kern  :info  : [    0.000000] [     T1] Command line: initrd=\ucode.img initrd=\initramfs-linux.img rw cryptdevice=/dev/nvme0n1p3:system:discard root=/dev/mapper/system
kern  :info  : [    0.000000] [     T2] BIOS-provided physical RAM map:
kern  :info  : [    0.000000] [     T3] BIOS-e820: [mem 0x0000000000000000-0x000000000009efff] usable
kern  :info  : [    0.000000] [     T4] BIOS-e820: [mem 0x000000000009f000-0x00000000000bffff] reserved
kern  :info  : [    0.000000] [     T5] BIOS-e820: [mem 0x0000000000100000-0x0000000009afffff] usable
kern  :info  : [    0.000000] [     T6] BIOS-e820: [mem 0x0000000009b00000-0x0000000009dfffff] reserved
kern  :info  : [    0.000000] [     T7] BIOS-e820: [mem 0x0000000009e00000-0x0000000009efffff] usable
kern  :info  : [    0.000000] [     T8] BIOS-e820: [mem 0x0000000009f00000-0x0000000009f3bfff] ACPI NVS
kern  :info  : [    0.000000] [     T9] BIOS-e820: [mem 0x0000000009f3c000-0x000000004235ffff] usable
kern  :info  : [    0.000000] [    T10] BIOS-e820: [mem 0x0000000042360000-0x000000004455ffff] reserved
kern  :info  : [    0.367657] [    T11] ACPI: \_SB_.PCI0.GP19.NHI1.PWRS: New power resource
kern  :info  : [    0.368615] [    T12] ACPI: \_SB_.PCI0.GP19.XHC4.PWRS: New power resource
kern  :info  : [    0.376316] [    T13] ACPI: \_SB_.PRWL: New power resource
kern  :info  : [    0.376343] [    T14] ACPI: \_SB_.PRWB: New power resource
kern  :info  : [    0.377373] [    T15] ACPI: PCI Root Bridge [PCI0] (domain 0000 [bus 00-ff])
kern  :info  : [    0.377378] [    T16] acpi PNP0A08:00: _OSC: OS supports [ExtendedConfig ASPM ClockPM Segments MSI EDR HPX-Type3]
kern  :info  : [    0.377569] [    T17] acpi PNP0A08:00: _OSC: platform does not support [SHPCHotplug AER]
kern  :info  : [    0.377933] [    T18] acpi PNP0A08:00: _OSC: OS now controls [PCIeHotplug PME PCIeCapability LTR DPC]
kern  :info  : [    0.378458] [    T19] PCI host bridge to bus 0000:00
kern  :info  : [    0.378459] [    T20] pci_bus 0000:00: root bus resource [io  0x0000-0x0cf7 window]
kern  :info  : [    0.378461] [    T21] pci_bus 0000:00: root bus resource [io  0x0d00-0xffff window]
